 The Prevention of Corruption Act 1988 Preamble An act to consolidate and amend the law relating to the Prevention of Corruption and for matters connected therewith. Be it enacted by Parliament in the 39th year of the Republic of India as follows. Chapter 1 Preliminary Section 1 Short Title and Extent 1. This act may be called the Prevention of Corruption Act 1988. Section 2 It extends to the whole of India and it applies also to all citizens of India outside India. Section 2 Definitions In this act, unless the context otherwise requires. A. Election means any election by whatever means held under any law for the purpose of selecting members of Parliament or of any legislature, local authority or other public authority. A. Prescribed means prescribed by rules made under this act and the expression prescribed shall be construed accordingly. B. Public duty means a duty in the discharge of which the state, the public or the community at large has an interest. Explanation In this clause, state includes a corporation established by or under a central, provincial or state act or an authority or a body owned or controlled or aided by the government or a government company as defined in Section 617 of the Companies Act 1956. C. Public servant means I. Any person in the service or pay of the government or remunerated by the government by fees or commission for the performance of any public duty. T. Any person in the service or pay of a local authority. 2. Any person in the service or pay of a corporation established by or under a central, provincial or state act or an authority or a body owned or controlled or aided by the government or a government company as defined in Section 617 of the Companies Act 1956. I. V. Any judge, including any person empowered by law to discharge, whether by himself or as a member of any body of persons, any adjudicatory functions. V. Any person authorized by a court of justice to perform any duty in connection with the administration of justice, including a liquidator, receiver or commissioner appointed by such court. Why? Any arbitrator or other person to whom any cause or matter has been referred for decision or report by a court of justice or by a competent public authority. 7. Any person who holds an office by virtue of which he is empowered to prepare, publish, maintain or revise an electoral role or to conduct an election or part of an election. 8. Any person who holds an office by virtue of which he is authorized or required to perform any public duty. V. Any person who is the president, secretary or other office better of a registered cooperative society engaged in agriculture, industry, trade or banking. Receiving or having received any financial aid from the central government or a state government or from any corporation established by or under a central, provincial or state act or any authority or body owned or controlled or aided by the government or a government company has defined in section 617 of the company's act 1956. 9. Gags. Any person who is a chairman, member or employee of any service commission or board by whatever name called or a member of any selection committee appointed by such commission or board for the conduct of any examination or making any selection on behalf of such commission or board. 9. Gai. Any person who is a vice chancellor or member of any governing body, professor, leader, lecturer or any other teacher or employee by whatever designation called or any university and any person whose services have been availed of by a university or any other public authority in connection with holding or conducting examinations. 12. Any person who is an office better or an employee of an educational, scientific, social, cultural or other institution in whatever manner established, receiving or having received any financial assistance from the central government or any state government or local or other public authority. D. Undue advantage means any gratification whatever other than legal remuneration. Explanation. For the purposes of this clause, A. the word gratification is not limited to pecuniary gratifications or to gratifications estimable in money. B. The expression legal remuneration is not restricted to remuneration paid to a public servant, but includes all remuneration which he is permitted by the government or the organization which he serves to receive. 1. Explanation. Person's falling under any of the above sub clauses are public servants, whether appointed by the government or not. 2. Explanation. Wherever the words public servant occur, they shall be understood of every person who is in actual possession of the situation of a public servant, whatever legal defect there may be in his right to hold that situation. 2. Appointment of Special Judges. Section 3. Power to appoint special judges. 1. The central government or the state government may, by notification in the official gazette, appoint as many special judges as may be necessary for such areas or areas or for such case or group of cases as may be specified in the notification to try the following offenses, namely. A. Any offense punishable under this act and B. Any conspiracy to commit or any attempt to commit or any abetment of any of the offenses specified in clause. A. 2. A person shall not be qualified for appointment as a special judge under this act unless he is or has been a sessions judge or an additional sessions judge or an assistant sessions judge under the Code of Criminal Procedure 1973. Section 4. Case is triable by special judges. 1. Notwithstanding anything contained in the Code of Criminal Procedure 1973 or in any other law for the time being in force, the offenses specified in subsection 1 of section 3 shall be tried by special judges only. 2. Every offense specified in subsection 1 of section 3 shall be tried by the special judge for the area within which it was committed or as the case may be by the special judge appointed for the case or where there are more special judges than one for such area by such one of them as may be specified in this behalf by the central government. 3. When trying any case, a special judge may also try any offense other than an offense specified in section 3 with which the accused may under the Code of Criminal Procedure 1973 be charged at the same trial. 4. Notwithstanding anything contained in the Code of Criminal Procedure 1973, the trial of an offense shall be held as far as practicable on day-to-day basis and an endeavour shall be made to ensure that the set trial is concluded within a period of two years. Provided that where the trial is not concluded within the set period, the special judge shall record the reasons for not having done so. 4. Provided further that the set period may be extended by such further period, for reasons to be recorded in writing but not exceeding six months at a time. So however that the set period together with such extended periods shall not exceed ordinarily four years in aggregate. 5. Procedure and Powers of Special Judge 1. A special judge may take cognizance of offences without the accused being committed to him for trial and in trying the accused persons, followed the procedure prescribed by the Code of Criminal Procedure 1973 for the trial of warrant cases by magistrates. 2. A special judge may with a view to obtaining the evidence of any person supposed to have been directly or indirectly concerned in or privy to an offense tender a pardon to such person. This pardon is on condition of his making a full and true disclosure of the whole circumstances within his knowledge relating to the offense and to every other person concerned whether as principle or a better in the commission thereof. Any pardon so tendered shall for the purposes of subsections one to five of section 308 of the Code of Criminal Procedure 1973. Be deemed to have been tendered under section 307 of that code. 3. Save as provided in subsection one or subsection two. The provisions of the Code of Criminal Procedure 1973 shall so far as they are not inconsistent with this act apply to the proceedings before a special judge. For the purposes of the said provisions the Code of the Special Judge shall be deemed to be a Code of Session and the person conducting a prosecution before a special judge shall be deemed to be a public prosecutor. 4. In particular and without prejudice to the generality of the provisions contained in subsection three the provisions of sections 326 and 475 of the Code of Criminal Procedure 1973 shall so far as may be apply to the proceedings before a special judge and for the purposes of the said provisions a special judge shall be deemed to be a magistrate. 5. A special judge may pass upon any person convicted by him any sentence authorized by law for the punishment of the offense of which such person is convicted. 6. A special judge while trying an offense punishable under this act shall exercise all the powers and functions exercisable by a district judge under the Criminal Law Amendment ordinance 1944. 6. Power to Try Summerily 1. Where a special judge tries any offense specified in subsection 1 of section 3 alleged to have been committed by a public servant in relation to the contravention of any special order referred to in subsection 1 of section 12a of the Essential Commodities Act 1955 or of an order referred to in clause a of subsection 2 of that section. Then notwithstanding anything contained in subsection 1 of section 5 of this act of section 260 of the Code of Criminal Procedure 1973 the special judge shall try the offense in a summary way. The provisions of sections 262 to 265 both inclusive of the said code shall as far as may be applied to such trial. Provided that in the case of any conviction in a summary trial under this section it shall be lawful for the special judge to pass a sentence of imprisonment for a term not exceeding one year. Provided further that when at the commencement of or in the course of a summary trial under this section it appears to the special judge that the nature of the case is such that a sentence of imprisonment for a term exceeding one year may have to be passed or that it is for any other reason undesirable to try the case summarily. The special judge shall after hearing the parties record an order to that effect and thereafter recall any witnesses who may have been examined and proceed to hear or re hear the case in accordance with the procedure prescribed by the set code for the trial of warrant cases by magistrates. 2. Notwithstanding anything to the contrary contained in this act or in the Code of Criminal Procedure 1973 there shall be no appeal by a convicted person. In any case tried summarily under this section in which the special judge passes a sentence of imprisonment not exceeding one month and a fine not exceeding 2000 rupees. This applies whether or not any order under section 452 of the set code is made in addition to such sentence but an appeal shall lie where any sentence in excess of the aforementioned limits is passed by the special judge. 3. Offences and Penalties Section 7. Offends relating to public servant being bribed. Any public servant who, A. Obtains or accepts or attempts to obtain from any person an undue advantage with the intention to perform or cause performance of public duty improperly or dishonestly or to forebear or cause forebearance to perform such duty either by himself or by another public servant or B. Obtains or accepts or attempts to obtain an undue advantage from any person as a reward for the improper or dishonest performance of a public duty or for forebearing to perform such duty either by himself or another public servant or B. See, performs or induces another public servant to perform improperly or dishonestly a public duty or to forebear performance of such duty in anticipation of or in consequence of accepting an undue advantage from any person. Shall be punishable with imprisonment for a term which shall not be less than three years but which may extend to seven years and shall also be liable to fine. Explanation 1. For the purpose of this section, the obtaining, accepting or the attempting to obtain an undue advantage shall itself constitute an offense even if the performance of a public duty by public servant is not or has not been an improper illustration. A public servant S asks a person P to give him an amount of 5,000 rupees to process his routine ration card application on time. S is guilty of an offense under this section. Explanation 2. For the purpose of this section, I, the expressions obtained or accepts or attempts to obtain shall cover cases where a person being a public servant obtains or accepts or attempts to obtain any undue advantage for himself or for another person by abusing his position as a public servant or by using his personal influence over another public servant or by any other corrupt or illegal means. 2. It shall be immaterial whether such person being a public servant obtains or accepts or attempts to obtain the undue advantage directly or through a third party. Section 7A. Taking undue advantage to influence public servant by corrupt or illegal means or by exercise of personal influence. However, accepts or obtains or attempts to obtain from another person for himself or for any other person any undue advantage as a motive or reward to induce a public servant by corrupt or illegal means or by exercise of his personal influence to perform or to cause performance of a public duty improperly or dishonestly or to forebear or to cause to forebear such public duty by such public servant or by another public servant. Shall be punishable with imprisonment for a term which shall not be less than three years but which may extend to seven years and shall also be liable to find. Section 8. Offense relating to bribing of a public servant. 1. Any person who gives or promises to give an undue advantage to another person or persons with intention. I to induce a public servant to perform improperly a public duty or to to reward such public servant for the improper performance of public duty. Shall be punishable with imprisonment for a term which may extend to seven years or with fine or with both. Provided that the provisions of this section shall not apply where a person is compelled to give such undue advantage. Provided further that the person so compelled shall report the matter to the law enforcement authority or investigating agency within a period of seven days from the date of giving such undue advantage. Provided also that when the offence under this section has been committed by commercial organization such commercial organization shall be punishable with fine. Illustration. A person P gives a public servant as an amount of 10,000 rupees to ensure that he is granted a license over all the other bidders. P is guilty of an offence under this subsection. Explanation. It shall be immaterial whether the person to whom an undue advantage is given or promised to be given is the same person as the person who is to perform or has performed the public duty concerned and it shall also be immaterial whether such undue advantage is given or promised to be given by the person directly or through a third party. Two. Nothing in subsection one shall apply to a person. If that person after informing a law enforcement authority or investigating agency gives or promises to give any undue advantage to another person in order to assist such law enforcement authority or investigating agency in its investigation of the offence alleged against the latter. Section 9. Offence relating to bribing a public servant by a commercial organization. One. Where an offence under this act has been committed by a commercial organization. Such organization shall be punishable with fine if any person associated with such commercial organization gives or promises to give any undue advantage to a public servant intending. A. To obtain or retain business for such commercial organization. Or. B. To obtain or retain an advantage in the conduct of business for such commercial organization. Provided that it shall be a defense for the commercial organization. To prove that it had in place adequate procedures in compliance of such guidelines as may be prescribed to prevent persons associated with it from undertaking such conduct. Two. For the purposes of this section a person is set to give or promise to give any undue advantage to a public servant. If he is alleged to have committed the offence under section 8 whether or not such person has been prosecuted for such offence. Three. For the purposes of section 8 and this section. A. Commercial organization means. I. A body which is incorporated in India and which carries on a business whether in India or outside India. Two. Any other body which is incorporated outside India and which carries on a business or part of a business in any part of India. Two. A partnership firm or any association of persons formed in India and which carries on a business whether in India or outside India or a Zerib cell. I. V. Any other partnership or association of persons which is formed outside India and which carries on a business or part of a business in any part of India. B. Business includes a trade or profession or providing service. C. A person is set to be associated with the commercial organization. If such person performs services for or on behalf of the commercial organization irrespective of any promise to give or giving off any undue advantage which constitutes an offence under subsection one. Explanation one. The capacity in which the person performs services for or on behalf of the commercial organization shall not matter irrespective of whether such person is employee or agent or subsidiary of such commercial organization. Explanation two. Whether or not the person is a person who performs services for or on behalf of the commercial organization. Is to be determined by reference to all the relevant circumstances and not merely by reference to the nature of the relationship between such person and the commercial organization. Explanation three. If the person is an employee of the commercial organization it shall be presumed unless the country is proved that such person is a person who has performed services for or on behalf of the commercial organization. Four. Notwithstanding anything contained in the Code of Criminal Procedure 1973, the offence under section 7a8 and this section shall be cognizable. Five. The central government shall in consultation with the concerned stakeholders including departments and with a view to preventing persons associated with commercial organizations from bribing any person being a public servant. Prescribe such guidelines as may be considered necessary which can be put in place for compliance by such organizations. Section 10. Person in charge of commercial organization to be guilty of offence. Where an offence under section 9 is committed by a commercial organization and such offence is proved in the Code to have been committed with the consent or connivance of any director, manager, secretary or other officer of the commercial organization, such director, manager. Secretary or other officer shall be guilty of the offence and shall be liable to be proceeded against and shall be punishable with imprisonment for a term which shall not be less than three years but which may extend to seven years and shall also be liable to fine. Explanation. For the purposes of this section, director in relation to a firm means a partner in the firm. Section 11. Public servant obtaining undue advantage without consideration from person concerned in proceeding or business transacted by such public servant. Whoever being a public servant accepts or obtains or attempts to obtain for himself or for any other person, any undue advantage without consideration or for a consideration which he knows to be inadequate from any person whom he knows to have been or to be or to be likely to be concerned in any proceeding or business transacted or about to be transacted by such public servant or having connection with the official functions or public duty of himself or of any public servant to whom he is subordinate or from any person whom he knows to be. Section 12. Punishment for a bitment of offences. Whoever abits any offence punishable under this act, whether or not that offence is committed in consequence of that abetment shall be punishable with imprisonment for a term which shall not be less than three years but which may extend to seven years and shall also be liable to fine. Section 13. Criminal misconduct by a public servant. One, a public servant is said to commit the offence of criminal misconduct. A, if he dishonestly or fraudulently misappropriates or otherwise converts for his own use, any property entrusted to him or any property under his control as a public servant or allows any other person so to do. Or Chely Kalis. Betron-O-Bitoor's Tamio-O-O Goste Tamio-O-Bitoor if he intentionally enriches himself illicitly during the period of his office. Explanation 1. A person shall be presumed to have intentionally enriched himself illicitly. If he or any person on his behalf is in possession of or has at any time during the period of his office, been in possession of pecuniary resources or property disproportionate to his known sources of income which the public servant cannot satisfactorily account for. Explanation 2. The expression known sources of income means income received from any lawful sources. 2. Any public servant who commits criminal misconduct shall be punishable with imprisonment. For a term which shall be not less than four years, but which may extend to ten years and shall also be liable to fine. Section 14. Punishment for habitual offender. Whoever convicted of an offence under this act subsequently commits an offence punishable under this act shall be punishable with imprisonment for a term which shall not be less than five years, but which may extend to ten years and shall also be liable to fine. Section 15. Punishment for attempt. Whoever attempts to commit an offence referred to in clause A of subsection 1 of section 13 shall be punishable with imprisonment for a term which shall not be less than two years, but which may extend to five years and with fine. Section 16. Matters to be taken into consideration for fixing fine. Where a sentence of fine is imposed under section 7 or section 8 or section 9 or section 10 or section 11 or subsection 2 of section 13 or section 14 or section 15. The court in fixing the amount of the fine shall take into consideration the amount or the value of the property, if any, which the accused person has obtained by committing the offence. Or where the conviction is for an offence referred to in clause B of subsection 1 of section 13, the pecuniary resources or property referred to in that clause for which the accused person is unable to account satisfactorily. Chapter 4. Investigation into cases under the act. Section 17. Persons authorized to investigate. Notwithstanding anything contained in the Code of Criminal Procedure 1973, no police officer below the rank. A. In the case of the Delhi Special Police Establishment of an Inspector of Police. B. In the metropolitan areas of Bombay, Calcutta, Madras and Ahmedabad, and in any other metropolitan area notified as such under subsection 1 of section 8 of the Code of Criminal Procedure 1973 of an Assistant Commissioner of Police. C. Elsewhere of a Deputy Superintendent of Police or a Police Officer of Equivalent Rank. Shall investigate any offence punishable under this act without the order of a Metropolitan Magistrate or a Magistrate of the First Class as the case may be or make any arrest therefore without a warrant. Provided that if a police officer not below the rank of an Inspector of Police is authorized by the State Government in this behalf by General or Special Order, he may also investigate any such offence without the order of a Metropolitan Magistrate or a Magistrate of the First Class as the case may be or make arrest therefore without a warrant. Provided further that an offence referred to in clause B of subsection 1 of section 13 shall not be investigated without the order of a police officer not below the rank of a Superintendent of Police. Section 17. A. Inquiry or inquiry or investigation of offences relatable to recommendations made or decision taken by public servant in discharge of official functions or duties. No police officer shall conduct any inquiry or inquiry or investigation into any offence alleged to have been committed by a public servant under this act where the alleged offence is relatable to any recommendation made or decision taken by such public servant in discharge of his official functions or duties without the previous approval. A. In the case of a person who is or was employed at the time when the offence was alleged to have been committed in connection with the Affairs storeroom of the Union of that government. In the case of a person who was or was a employed at the time when the offense was alleged to have been committed in connection with the affairs of a State of that government. See in the case of any other person of the Authority competent to remove him from his office at the time when the offense was alleged to have been committed. Provided that no such approval shall be necessary for cases involving a rest of a person on the spot, on the charge of accepting or attempting to accept any undue advantage for himself or for any other person. Provided further that the concerned authority shall convey its decision under this section within a period of three months, which may, for reasons to be recorded in writing by such authority, be extended by a further period of one month. Section 18. Power to Inspect Bankers Books If from information received or otherwise, a police officer has reason to suspect the commission of an offence, which he is empowered to investigate under Section 17, and considers that for the purpose of investigation or inquiry into such offence, it is necessary to inspect any bankers, books, then. Notwithstanding anything contained in any law for the time being in force, he may inspect any bankers, books in so far as they relate to the accounts of the person suspected to have committed that offence, or of any other person suspected to be holding money on behalf of some provided that no power under this section in relation to the accounts of any person shall be exercised by a police officer below the rank of a superintendent of police, unless he is specially authorized in this behalf by a police officer off or above the rank of a superintendent of police. Explanation Shally Lassofissame In this section, the expressions bank and bankers' books shall have the meanings respectively assigned to them in the bankers' books Evidence Act 1891. Chapter 4 A Attachment and for feature of property Section 18 A Provisions of Criminal Law Amendment Ordinance 1944 to apply to attachment under this act 1. Save as otherwise provided under the Prevention of Money Laundering Act 2002, the provisions of the Criminal Law Amendment Ordinance 1944 shall, as far as may be, apply to the attachment administration of attached property and execution of order of attachment or confiscation of money or property procured by means of an offence under this act. 2. For the purposes of this act, the provisions of the Criminal Law Amendment Ordinance 1944 shall have effect, subject to the modification that the references to district judge shall be construed as references to special judge. Chapter 5 Section 4 Prosecution and other miscellaneous provisions Section 19 Previous sanction necessary for prosecution 1. No court shall take cognizance of an offence punishable under Section 7, 11, 13 and 15 alleged to have been committed by a public servant, except with the previous sanction save as otherwise provided in the Lokpal and Lokayukta's Act 2013. A. In the case of a person who is employed or as the case may be, was at the time of commission of the alleged offence employed in connection with the affairs of the union and is not removable from his office saved by or with the sanction of the central government of that government. B. In the case of a person who is employed or as the case may be, was at the time of Commission of the alleged offence employed in connection with the affairs of a state and is not removable from his office saved by or with the sanction of the state government of that government. C. In the case of any other person, of the authority competent to remove him from his office. provided that no request can be made by a person other than a police officer or an officer of an investigation agency or other law enforcement authority to the appropriate government or competent authority as the case may be for the previous sanction of such government or authority for taking cognizance by the court of any of the offenses specified in this subsection unless. I. Such person has filed a complaint in a competent court about the alleged offenses for which the public servant is sought to be prosecuted. and a full assara by Chiu Amit Ywar in West Media. 2. The court has not dismissed the complaint under Section 203 of the Code of Criminal Procedure 1973 and directed the complainant to obtain the sanction for prosecution against the public servant for further proceeding. Provided further that in the case of request from the person other than a police officer or an officer of an investigation agency or other law enforcement authority, the appropriate government or competent authority shall not accord sanction to prosecute a public servant without providing an opportunity of being heard to the concerned public servant. Provided also that the appropriate government or any competent authority shall after the receipt of the proposal requiring sanction for prosecution of a public servant under this subsection, endeavour to convey the decision on such proposal within a period of three months from the date of its receipt. Provided also that in case where for the purpose of grant of sanction for prosecution, legal consultation is required, such period may for the reasons to be recorded in writing, be extended by a further period of one month. Provided also that the central government may for the purpose of sanction for prosecution of a public servant prescribe such guidelines as it considers necessary. Explanation For the purposes of subsection 1, the expression public servant includes such person. A. Who has ceased to hold the office during which the offence is alleged to have been committed or B. Who has ceased to hold the office during which the offence is alleged to have been committed and is holding an office other than the office during which the offence is alleged to have been committed. 2. Where for any reason whatsoever any doubt arises as to whether the previous sanction as required under subsection 1 should be given by the central government or the state government or any other authority, such sanctions shall be given by that government or authority which would have been competent to remove the public servant from his office at the time when the offence was alleged to have been committed. 3. Notwithstanding anything contained in the Code of Criminal Procedure 1973. A. No finding sentence or order passed by a special judge shall be reversed or altered by a quote in appeal, confirmation or revision on the ground of the absence of or any error, omission or irregularity in the sanction required under subsection 1. Unless in the opinion of that quote a failure of justice has in fact been occasioned thereby. B. No quote shall stay the proceedings under this act on the ground of any error, omission or irregularity in the sanction granted by the authority unless it is satisfied that such error, omission or irregularity has resulted in a failure of justice. C. No quote shall stay the proceedings under this act on any other ground and no quote shall exercise the powers of revision in relation to any interlocutory order passed in any inquiry, trial, appeal or other proceedings. 4. In determining under subsection 3, whether the absence of or any error, omission or irregularity in such sanction has occasioned or resulted in a failure of justice, the quote shall have regard to the fact whether the objection could and should have been raised at any earlier stage in the proceedings. 4. Explanation. For the purposes of this section. A. Error includes competency of the authority to grant sanction. B. A sanction required for prosecution includes reference to any requirement that the prosecution shall be at the instance of a specified authority or with the sanction of a specified person or any requirement of a similar nature. Section 20. Presumption where public servant accepts any undue advantage. Where in any trial of an offense punishable under section 7 or under section 11, it is proved that a public servant accused of an offense has accepted or obtained or attempted to obtain for himself or for any other person, any undue advantage from any person. It shall be presumed unless the contrary is proved that he accepted or obtained or attempted to obtain that undue advantage as a motive or reward under section 7 for performing or to cause performance of a public duty improperly or dishonestly, either by himself or by another public servant or at section 21, accused a person to be a competent witness. Any person charged with an offense punishable under this act shall be a competent witness for the defense and may give evidence or not in disprove of the charges made against him or any person charged together with him at the same trial. Provided that, a law, for, he shall not be called as a witness except at his own request. B. His failure to give evidence shall not be made the subject of any comment by the prosecution or give rise to any presumption against himself or any person charged together with him at the same trial. C. He shall not be asked and if asked shall not be required to answer any question tending to show that he has committed or been convicted of any offense other than the offense with which he is charged or is of bad character unless. I. The proof that he has committed or been convicted of such offense is admissible evidence to show that he is guilty of the offense with which he is charged or. 2. He has personally or by his pleader asked any question of any witness for the prosecution with a view to establish his own good character or has given evidence of his good character or the nature or conduct of the defense is such as to involve imputations on the character of the prosecutor or of any witness for the prosecution. Or 2. He has given evidence against any other person charged with the same offense, Section 22. The Code of Criminal Procedure 1973 to apply subject to certain modifications. The provisions of the Code of Criminal Procedure 1973 shall in their application to any proceeding in relation to an offense punishable under this act have effect as if. A. In subsection 1 of section 243. For the words, the accused shall then be called upon. The words, the accused shall then be required to give in writing at once or within such time as the court may allow a list of the persons if any whom he proposes to examine as his witnesses and of the documents if any on which he proposes to rely and he shall then be called upon had been substituted. B. In subsection 2 of section 309, after the third proviso, the following proviso had been inserted, namely provided also that the proceeding shall not be adjourned or postponed merely on the ground that an application under section 397 has been made by a party to the proceeding. C. After subsection 2 of section 317, the following subsection had been inserted, namely. 3. Notwithstanding anything contained in subsection 1 or subsection 2, the judge may, if he thinks fit and for reasons to be recorded by him, proceed with inquiry or trial in the absence of the accused or his pleader and record the evidence of any witness subject to the right of the accused to recall the witness for cross examination. D. In subsection 1 of section 397 before the explanation, the following proviso had been inserted, namely provided that where the powers under this section are exercised by a court on an application made by a party to such proceedings, the court shall not ordinarily call for the record of the proceedings. A. Without giving the other party an opportunity of showing cause why the record should not be called for dot or B. If it is satisfied that an examination of the record of the proceedings may be made from the certified copies. Section 23. Particulars in a charge in relation to an offense under section 31A. Notwithstanding anything contained in the Code of Criminal Procedure 1973, when an accused is charged with an offense under clause A of subsection 1 of section 13, it shall be sufficient to describe in the charge the property in respect of which the offense is alleged to have been committed, and the dates between which the offense is alleged to have been committed, without specifying particular items or exact dates, and the charge so framed shall be deemed to be a charge of one offense within the meaning of section 219 of the said code. Provided that the time included between the first and last of such dates shall not exceed one year, section 25. Military naval and air force are other law not to be affected. 1. Nothing in this act shall affect the jurisdiction exercisable by or the procedure applicable to any code or other authority under the Army Act 1950, the Air Force Act 1950, the Navy Act 1957, the Border Security Force Act 1968, the Coast Guard Act 1978, and the National Security Guard Act 1986. 2. For the removal of doubts, it is hereby declared that for the purposes of any such law as is referred to in subsection 1, the Code of a Special Judge shall be deemed to be a Code of Ordinary Criminal Justice. Section 26. Special judges appointed under Act 46 of 1952 to be special judges appointed under this act. Every special judge appointed under the Criminal Law Amendment Act 1952 for any area or areas and is holding office on the commencement of this act shall be deemed to be a special judge appointed under section 3 of this act for that area or areas, and accordingly, on and from such commencement, every such judge shall continue to deal with all the proceedings pending before him on such commencement in accordance with the provisions of this act. Section 27. Appeal and revision. Subject to the provisions of this act, the high code may exercise so far as they may be applicable, all the powers of appeal and revision conferred by the Code of Criminal Procedure 1973 on a high court as of the Code of the Special Judge were a Code of Session Triang Cases within the local limits of the high court. Section 28. Act to be in addition to any other law. The provisions of this act shall be in addition to and not in derogation of any other law for the time being in force, and nothing contained herein shall exempt any public servant from any proceeding which might, apart from this act, be instituted against him. Section 29. Amendment of the Ordnance 38 of 1944. In the Criminal Law Amendment Ordnance 1944. A. In Subsection 1 of Section 3. Subsection 1 of Section 9. Clause A of Section 10. Subsection 1 of Section 11. And Subsection 1 of Section 13. For the words State Government. Wherever they occur, the words State Government or as the case may be, the Central Government shall be substituted. B. In Section 10. In Clause A. For the words 3 months, the words 1 year shall be substituted. C. In the Schedule. I. Paragraph 1 shall be omitted. II. In Paragraphs 2 and 4. A. After the words a local authority, the words and figures, or a corporation established by or under a Central Provincial or State Act, or an authority or a body owned or controlled or aided by Government or a Government Company, as defined in Section 617 of the Companies Act 1956. For a society aided by such corporation, authority, body or Government Company shall be inserted. B. After the words or authority, the words or corporation or body or Government Company or Society shall be inserted. II. For Paragraph 4A, the following paragraph shall be substituted, namely 4A and Offense Punishable under the Prevention of Corruption Act 1988. I.V. In Paragraph 5, for the words and figures, items 2, 3 and 4. The words, figures and letter, items 2, 3, 4 and 4A, shall be substituted. Section 29. A. Power to Make Rules. I. The Central Government may, by notification in the official Gazette make rules for carrying out the provisions of this Act. II. In particular, and without prejudice to the generality of the foregoing power, such rules may provide for all or any of the following matters, namely. A. Guidelines, which can be put in place by commercial organisation under Section 9. B. Guidelines for Sancction of Prosecution under Subsection 1 of Section 19. C. Any other matter which is required to be or may be prescribed. III. Every rule made under this Act shall be laid as soon as may be after it is made before each House of Parliament, while it is in session. For a total period of 30 days which may be comprised in one session or in two or more successive sessions. And if before the expiry of the session, immediately following the session or the successive sessions are foresaid, both houses agree in making any modification in the rule, or both houses agree that the rule should not be made, the rule shall thereafter have effect only in such modified form or so, however, that any such modification or annulment shall be without prejudice to the validity of anything previously done under that rule. Section 30. Repeal and Saving. 1. The Prevention of Corruption Act 1947 and the Criminal Law Amendment Act 1952 are hereby repealed. 2. Notwithstanding such repeal, but without prejudice to the application of Section 6 of the General Clause Act 1897. Anything done or any action taken or purported to have been done or taken under or in pursuance of the acts so repealed, shall insofar as it is not inconsistent with the provisions of this act. Be deemed to have been done or taken under or in pursuance of the corresponding provision of this act.